// Jest Snapshot v1, https://goo.gl/fbAQLP

exports[`SignUp SignUp snapshot renders 1`] = `
<div
  className="container"
>
  <div
    className="justify-content-md-center row"
  >
    <div
      className="col-lg-6 col-md-10 mx-auto col"
    >
      <div
        className="mb-4 card"
      >
        <div
          className="card-body"
        >
          <h2
            className="text-center mb-4"
          >
            Hello! Please sign up.
          </h2>
          <form
            className=""
            noValidate={true}
            onSubmit={[Function]}
          >
            <div
              className="mb-3"
              id="email"
            >
              <label
                className="form-label"
              >
                Email
              </label>
              <input
                className="form-control"
                name="email"
                onChange={[Function]}
                required={true}
                type="email"
                value=""
              />
            </div>
            <div
              className="mb-3"
              id="password"
            >
              <label
                className="form-label"
              >
                Password
              </label>
              <input
                className="form-control"
                name="newPassword1"
                onChange={[Function]}
                type="password"
                value=""
              />
            </div>
            <div
              className="mb-3"
              id="password-confirm"
            >
              <label
                className="form-label"
              >
                Password Confirmation
              </label>
              <input
                className="form-control"
                name="newPassword2"
                onChange={[Function]}
                type="password"
                value=""
              />
            </div>
            <div
              className="text-center"
            >
              <button
                className="btn btn-primary"
                disabled={false}
                id="submit-button"
                type="submit"
              >
                Sign Up
              </button>
            </div>
          </form>
        </div>
      </div>
    </div>
  </div>
</div>
`;
